
> react-example@0.0.0 build
> vite build

[36mvite v6.4.1 [32mbuilding for production...[36m[39m
transforming...
[32mÔ£ô[39m 3582 modules transformed.
rendering chunks...
computing gzip size...
[2mdist/[22m[32mindex.html                    [39m[1m[2m    0.40 kB[22m[1m[22m[2m Ôöé gzip:   0.27 kB[22m
[2mdist/[22m[35massets/index-C32tG76x.css     [39m[1m[2m   76.58 kB[22m[1m[22m[2m Ôöé gzip:  12.35 kB[22m
[2mdist/[22m[36massets/purify.es-BgtpMKW3.js  [39m[1m[2m   22.77 kB[22m[1m[22m[2m Ôöé gzip:   8.79 kB[22m
[2mdist/[22m[36massets/index.es-Br1gBKC4.js   [39m[1m[2m  159.60 kB[22m[1m[22m[2m Ôöé gzip:  53.51 kB[22m
[2mdist/[22m[36massets/index-Cpsfyfdm.js      [39m[1m[33m1,661.84 kB[39m[22m[2m Ôöé gzip: 469.44 kB[22m
[32mÔ£ô built in 9.03s[39m
