src/components/MainLayout.tsx(3,31): error TS2307: Cannot find module './SaveIndicator' or its corresponding type declarations.
src/components/ParticlesBackground.tsx(64,7): error TS2322: Type '{ id: string; init: (engine: Engine) => Promise<void>; loaded: (container: Container) => Promise<void>; options: { background: { color: { value: string; }; }; fpsLimit: number; interactivity: { ...; }; particles: { ...; }; detectRetina: boolean; }; className: string; }' is not assignable to type 'IntrinsicAttributes & IParticlesProps'.
  Property 'init' does not exist on type 'IntrinsicAttributes & IParticlesProps'.
src/components/PinLockScreen.tsx(101,15): error TS2322: Type '(el: HTMLInputElement) => HTMLInputElement' is not assignable to type 'Ref<HTMLInputElement>'.
  Type '(el: HTMLInputElement) => HTMLInputElement' is not assignable to type '(instance: HTMLInputElement) => void | (() => VoidOrUndefinedOnly)'.
    Type 'HTMLInputElement' is not assignable to type 'void | (() => VoidOrUndefinedOnly)'.
src/lib/supabase.ts(3,33): error TS2339: Property 'env' does not exist on type 'ImportMeta'.
src/lib/supabase.ts(4,33): error TS2339: Property 'env' does not exist on type 'ImportMeta'.
src/services/aiService.ts(21,34): error TS2339: Property 'env' does not exist on type 'ImportMeta'.
src/services/aiService.ts(93,36): error TS2339: Property 'env' does not exist on type 'ImportMeta'.
src/services/aiService.ts(121,36): error TS2339: Property 'env' does not exist on type 'ImportMeta'.
src/services/aiService.ts(163,36): error TS2339: Property 'env' does not exist on type 'ImportMeta'.
src/services/integrationService.ts(6,36): error TS2339: Property 'env' does not exist on type 'ImportMeta'.
